[docs.obsidian.md/Plugins/Getting+started/Build+a+plugin.html]
[backblue.gif]
[fade.gif]
[index.html]
[publish.obsidian.md/app3885.css]
[publish-01.obsidian.md/access/caa27d6312fe5c26ebc657cc609543be/publish.css]
[publish.obsidian.md/app3885.js]
[publish-01.obsidian.md/access/caa27d6312fe5c26ebc657cc609543be/favicon-96x96.png]
[docs.obsidian.md/Plugins/Getting+started/Build+a+plugin.html]
[publish.obsidian.md/public/fonts/c8ba52b05a9ef10f4758.woff2]
[publish.obsidian.md/public/fonts/cb10ffd7684cd9836a05.woff2]
[publish.obsidian.md/public/fonts/293fd13dbca5a3e450ef.woff2]
[publish.obsidian.md/public/fonts/b5f0f109bc88052d4000.woff2]
[publish.obsidian.md/public/images/6155340132a851f6089e.svg]
[publish.obsidian.md/public/images/2308ab1944a6bfa5c5b8.svg]
[publish.obsidian.md/app3885.css]
[publish.obsidian.md/public/images/10a4c7dfa70cedab4d48.png]
[publish-01.obsidian.md/access/caa27d6312fe5c26ebc657cc609543be/publish.css]
[publish.obsidian.md/public/images/6155340132a851f6089e.svg]
[publish.obsidian.md/public/images/2308ab1944a6bfa5c5b8.svg]
